============================= test session starts =============================
platform win32 -- Python 3.13.5, pytest-8.4.1, pluggy-1.6.0 -- C:\Users\31221\AppData\Local\Programs\Python\Python313\python.exe
cachedir: .pytest_cache
rootdir: G:\windsurf_interview system
plugins: anyio-4.9.0
collecting ... collected 0 items / 1 error

=================================== ERRORS ====================================
________________ ERROR collecting backend/test_coding_flow.py _________________
backend\test_coding_flow.py:3: in <module>
    from main import app
backend\main.py:15: in <module>
    from app.routers import interview, auth, payment, websocket, analytics, gamification, voice, tier, referral, coding
backend\app\routers\interview.py:231: in <module>
    from app.routers.auth import get_current_active_user
backend\app\routers\auth.py:14: in <module>
    from app.core.config import settings
backend\app\core\config.py:40: in <module>
    settings = Settings()
               ^^^^^^^^^^
C:\Users\31221\AppData\Local\Programs\Python\Python313\Lib\site-packages\pydantic_settings\main.py:188: in __init__
    super().__init__(
E   pydantic_core._pydantic_core.ValidationError: 1 validation error for Settings
E   moonshot_api_key
E     Extra inputs are not permitted [type=extra_forbidden, input_value='sk-PZSTFMEChFl0pTgpfeeQG...URhj6BsdiCS3IqElaYMYqcp', input_type=str]
E       For further information visit https://errors.pydantic.dev/2.9/v/extra_forbidden
============================== warnings summary ===============================
C:\Users\31221\AppData\Local\Programs\Python\Python313\Lib\site-packages\starlette\formparsers.py:12
  C:\Users\31221\AppData\Local\Programs\Python\Python313\Lib\site-packages\starlette\formparsers.py:12: PendingDeprecationWarning: Please use `import python_multipart` instead.
    import multipart

C:\Users\31221\AppData\Local\Programs\Python\Python313\Lib\site-packages\pydantic\_internal\_config.py:291
C:\Users\31221\AppData\Local\Programs\Python\Python313\Lib\site-packages\pydantic\_internal\_config.py:291
C:\Users\31221\AppData\Local\Programs\Python\Python313\Lib\site-packages\pydantic\_internal\_config.py:291
C:\Users\31221\AppData\Local\Programs\Python\Python313\Lib\site-packages\pydantic\_internal\_config.py:291
C:\Users\31221\AppData\Local\Programs\Python\Python313\Lib\site-packages\pydantic\_internal\_config.py:291
C:\Users\31221\AppData\Local\Programs\Python\Python313\Lib\site-packages\pydantic\_internal\_config.py:291
  C:\Users\31221\AppData\Local\Programs\Python\Python313\Lib\site-packages\pydantic\_internal\_config.py:291: PydanticDeprecatedSince20: Support for class-based `config` is deprecated, use ConfigDict instead. Deprecated in Pydantic V2.0 to be removed in V3.0. See Pydantic V2 Migration Guide at https://errors.pydantic.dev/2.9/migration/
    warnings.warn(DEPRECATION_MESSAGE, DeprecationWarning)

C:\Users\31221\AppData\Local\Programs\Python\Python313\Lib\site-packages\PyPDF2\__init__.py:21
  C:\Users\31221\AppData\Local\Programs\Python\Python313\Lib\site-packages\PyPDF2\__init__.py:21: DeprecationWarning: PyPDF2 is deprecated. Please move to the pypdf library instead.
    warnings.warn(

-- Docs: https://docs.pytest.org/en/stable/how-to/capture-warnings.html
=========================== short test summary info ===========================
ERROR backend/test_coding_flow.py - pydantic_core._pydantic_core.ValidationEr...
!!!!!!!!!!!!!!!!!!! Interrupted: 1 error during collection !!!!!!!!!!!!!!!!!!!!
======================== 8 warnings, 1 error in 4.67s =========================
